2004-07-12 12:10:27,367 INFO  org.apache.maven.verifier.DependencyVerifier - Attempting to download astrogrid-registry-common-SNAPSHOT.jar.
2004-07-12 12:10:28,316 INFO  org.apache.maven.verifier.DependencyVerifier - Attempting to download astrogrid-common-SNAPSHOT.jar.
2004-07-12 12:10:41,578 INFO  org.apache.maven.cli.App - Total time: 18 seconds
2004-07-12 12:10:41,579 INFO  org.apache.maven.cli.App - Finished at: Mon Jul 12 12:10:41 BST 2004
2004-07-12 12:10:41,579 INFO  org.apache.maven.cli.App - 
